<?xml version="1.0" encoding="ISO-8859-1" ?>
<link_info>
   <banner>TMS320C2000 Linker PC v21.6.0.LTS</banner>
   <copyright>Copyright (c) 1996-2018 Texas Instruments Incorporated</copyright>
   <link_time>0x65e6cafe</link_time>
   <link_errors>0x0</link_errors>
   <output_file>potentiometer_control_register_level.out</output_file>
   <entry_point>
      <name>_c_int00</name>
      <address>0xac1a</address>
   </entry_point>
   <input_file_list>
      <input_file id="fl-2">
         <path>.\</path>
         <kind>object</kind>
         <file>main.obj</file>
         <name>main.obj</name>
      </input_file>
      <input_file id="fl-3">
         <path>.\common\source\</path>
         <kind>object</kind>
         <file>device.obj</file>
         <name>device.obj</name>
      </input_file>
      <input_file id="fl-4">
         <path>.\common\source\</path>
         <kind>object</kind>
         <file>f28002x_adc.obj</file>
         <name>f28002x_adc.obj</name>
      </input_file>
      <input_file id="fl-5">
         <path>.\common\source\</path>
         <kind>object</kind>
         <file>f28002x_codestartbranch.obj</file>
         <name>f28002x_codestartbranch.obj</name>
      </input_file>
      <input_file id="fl-6">
         <path>.\common\source\</path>
         <kind>object</kind>
         <file>f28002x_cputimers.obj</file>
         <name>f28002x_cputimers.obj</name>
      </input_file>
      <input_file id="fl-7">
         <path>.\common\source\</path>
         <kind>object</kind>
         <file>f28002x_dbgier.obj</file>
         <name>f28002x_dbgier.obj</name>
      </input_file>
      <input_file id="fl-8">
         <path>.\common\source\</path>
         <kind>object</kind>
         <file>f28002x_dcsm_z1otp.obj</file>
         <name>f28002x_dcsm_z1otp.obj</name>
      </input_file>
      <input_file id="fl-9">
         <path>.\common\source\</path>
         <kind>object</kind>
         <file>f28002x_dcsm_z2otp.obj</file>
         <name>f28002x_dcsm_z2otp.obj</name>
      </input_file>
      <input_file id="fl-a">
         <path>.\common\source\</path>
         <kind>object</kind>
         <file>f28002x_defaultisr.obj</file>
         <name>f28002x_defaultisr.obj</name>
      </input_file>
      <input_file id="fl-b">
         <path>.\common\source\</path>
         <kind>object</kind>
         <file>f28002x_dma.obj</file>
         <name>f28002x_dma.obj</name>
      </input_file>
      <input_file id="fl-c">
         <path>.\common\source\</path>
         <kind>object</kind>
         <file>f28002x_epwm.obj</file>
         <name>f28002x_epwm.obj</name>
      </input_file>
      <input_file id="fl-d">
         <path>.\common\source\</path>
         <kind>object</kind>
         <file>f28002x_gpio.obj</file>
         <name>f28002x_gpio.obj</name>
      </input_file>
      <input_file id="fl-e">
         <path>.\common\source\</path>
         <kind>object</kind>
         <file>f28002x_piectrl.obj</file>
         <name>f28002x_piectrl.obj</name>
      </input_file>
      <input_file id="fl-f">
         <path>.\common\source\</path>
         <kind>object</kind>
         <file>f28002x_pievect.obj</file>
         <name>f28002x_pievect.obj</name>
      </input_file>
      <input_file id="fl-10">
         <path>.\common\source\</path>
         <kind>object</kind>
         <file>f28002x_spi.obj</file>
         <name>f28002x_spi.obj</name>
      </input_file>
      <input_file id="fl-11">
         <path>.\common\source\</path>
         <kind>object</kind>
         <file>f28002x_sysctrl.obj</file>
         <name>f28002x_sysctrl.obj</name>
      </input_file>
      <input_file id="fl-12">
         <path>.\common\source\</path>
         <kind>object</kind>
         <file>f28002x_tempsensorconv.obj</file>
         <name>f28002x_tempsensorconv.obj</name>
      </input_file>
      <input_file id="fl-13">
         <path>.\common\source\</path>
         <kind>object</kind>
         <file>f28002x_usdelay.obj</file>
         <name>f28002x_usdelay.obj</name>
      </input_file>
      <input_file id="fl-14">
         <path>.\driverlib\</path>
         <kind>object</kind>
         <file>adc.obj</file>
         <name>adc.obj</name>
      </input_file>
      <input_file id="fl-15">
         <path>.\driverlib\</path>
         <kind>object</kind>
         <file>asysctl.obj</file>
         <name>asysctl.obj</name>
      </input_file>
      <input_file id="fl-16">
         <path>.\driverlib\</path>
         <kind>object</kind>
         <file>bgcrc.obj</file>
         <name>bgcrc.obj</name>
      </input_file>
      <input_file id="fl-17">
         <path>.\driverlib\</path>
         <kind>object</kind>
         <file>can.obj</file>
         <name>can.obj</name>
      </input_file>
      <input_file id="fl-18">
         <path>.\driverlib\</path>
         <kind>object</kind>
         <file>clb.obj</file>
         <name>clb.obj</name>
      </input_file>
      <input_file id="fl-19">
         <path>.\driverlib\</path>
         <kind>object</kind>
         <file>cmpss.obj</file>
         <name>cmpss.obj</name>
      </input_file>
      <input_file id="fl-1a">
         <path>.\driverlib\</path>
         <kind>object</kind>
         <file>cputimer.obj</file>
         <name>cputimer.obj</name>
      </input_file>
      <input_file id="fl-1b">
         <path>.\driverlib\</path>
         <kind>object</kind>
         <file>dcc.obj</file>
         <name>dcc.obj</name>
      </input_file>
      <input_file id="fl-1c">
         <path>.\driverlib\</path>
         <kind>object</kind>
         <file>dcsm.obj</file>
         <name>dcsm.obj</name>
      </input_file>
      <input_file id="fl-1d">
         <path>.\driverlib\</path>
         <kind>object</kind>
         <file>dma.obj</file>
         <name>dma.obj</name>
      </input_file>
      <input_file id="fl-1e">
         <path>.\driverlib\</path>
         <kind>object</kind>
         <file>ecap.obj</file>
         <name>ecap.obj</name>
      </input_file>
      <input_file id="fl-1f">
         <path>.\driverlib\</path>
         <kind>object</kind>
         <file>epwm.obj</file>
         <name>epwm.obj</name>
      </input_file>
      <input_file id="fl-20">
         <path>.\driverlib\</path>
         <kind>object</kind>
         <file>eqep.obj</file>
         <name>eqep.obj</name>
      </input_file>
      <input_file id="fl-21">
         <path>.\driverlib\</path>
         <kind>object</kind>
         <file>erad.obj</file>
         <name>erad.obj</name>
      </input_file>
      <input_file id="fl-22">
         <path>.\driverlib\</path>
         <kind>object</kind>
         <file>flash.obj</file>
         <name>flash.obj</name>
      </input_file>
      <input_file id="fl-23">
         <path>.\driverlib\</path>
         <kind>object</kind>
         <file>fsi.obj</file>
         <name>fsi.obj</name>
      </input_file>
      <input_file id="fl-24">
         <path>.\driverlib\</path>
         <kind>object</kind>
         <file>gpio.obj</file>
         <name>gpio.obj</name>
      </input_file>
      <input_file id="fl-25">
         <path>.\driverlib\</path>
         <kind>object</kind>
         <file>hic.obj</file>
         <name>hic.obj</name>
      </input_file>
      <input_file id="fl-26">
         <path>.\driverlib\</path>
         <kind>object</kind>
         <file>hrcap.obj</file>
         <name>hrcap.obj</name>
      </input_file>
      <input_file id="fl-27">
         <path>.\driverlib\</path>
         <kind>object</kind>
         <file>hrpwm.obj</file>
         <name>hrpwm.obj</name>
      </input_file>
      <input_file id="fl-28">
         <path>.\driverlib\</path>
         <kind>object</kind>
         <file>i2c.obj</file>
         <name>i2c.obj</name>
      </input_file>
      <input_file id="fl-29">
         <path>.\driverlib\</path>
         <kind>object</kind>
         <file>interrupt.obj</file>
         <name>interrupt.obj</name>
      </input_file>
      <input_file id="fl-2a">
         <path>.\driverlib\</path>
         <kind>object</kind>
         <file>lin.obj</file>
         <name>lin.obj</name>
      </input_file>
      <input_file id="fl-2b">
         <path>.\driverlib\</path>
         <kind>object</kind>
         <file>memcfg.obj</file>
         <name>memcfg.obj</name>
      </input_file>
      <input_file id="fl-2c">
         <path>.\driverlib\</path>
         <kind>object</kind>
         <file>pmbus.obj</file>
         <name>pmbus.obj</name>
      </input_file>
      <input_file id="fl-2d">
         <path>.\driverlib\</path>
         <kind>object</kind>
         <file>sci.obj</file>
         <name>sci.obj</name>
      </input_file>
      <input_file id="fl-2e">
         <path>.\driverlib\</path>
         <kind>object</kind>
         <file>spi.obj</file>
         <name>spi.obj</name>
      </input_file>
      <input_file id="fl-2f">
         <path>.\driverlib\</path>
         <kind>object</kind>
         <file>sysctl.obj</file>
         <name>sysctl.obj</name>
      </input_file>
      <input_file id="fl-30">
         <path>.\driverlib\</path>
         <kind>object</kind>
         <file>version.obj</file>
         <name>version.obj</name>
      </input_file>
      <input_file id="fl-31">
         <path>.\driverlib\</path>
         <kind>object</kind>
         <file>xbar.obj</file>
         <name>xbar.obj</name>
      </input_file>
      <input_file id="fl-32">
         <path>.\headers\source\</path>
         <kind>object</kind>
         <file>f28002x_globalvariabledefs.obj</file>
         <name>f28002x_globalvariabledefs.obj</name>
      </input_file>
      <input_file id="fl-3a">
         <kind>object</kind>
         <file>&lt;internal&gt;</file>
         <name>&lt;internal&gt;</name>
      </input_file>
      <input_file id="fl-46">
         <path>C:\ti\ccs1100\ccs\tools\compiler\ti-cgt-c2000_21.6.0.LTS\lib\</path>
         <kind>archive</kind>
         <file>rts2800_fpu32_eabi.lib</file>
         <name>boot28.asm.obj</name>
      </input_file>
      <input_file id="fl-47">
         <path>C:\ti\ccs1100\ccs\tools\compiler\ti-cgt-c2000_21.6.0.LTS\lib\</path>
         <kind>archive</kind>
         <file>rts2800_fpu32_eabi.lib</file>
         <name>fs_div28.asm.obj</name>
      </input_file>
      <input_file id="fl-48">
         <path>C:\ti\ccs1100\ccs\tools\compiler\ti-cgt-c2000_21.6.0.LTS\lib\</path>
         <kind>archive</kind>
         <file>rts2800_fpu32_eabi.lib</file>
         <name>pre_init.c.obj</name>
      </input_file>
      <input_file id="fl-49">
         <path>C:\ti\ccs1100\ccs\tools\compiler\ti-cgt-c2000_21.6.0.LTS\lib\</path>
         <kind>archive</kind>
         <file>rts2800_fpu32_eabi.lib</file>
         <name>autoinit.c.obj</name>
      </input_file>
      <input_file id="fl-4a">
         <path>C:\ti\ccs1100\ccs\tools\compiler\ti-cgt-c2000_21.6.0.LTS\lib\</path>
         <kind>archive</kind>
         <file>rts2800_fpu32_eabi.lib</file>
         <name>copy_zero_init.c.obj</name>
      </input_file>
      <input_file id="fl-4b">
         <path>C:\ti\ccs1100\ccs\tools\compiler\ti-cgt-c2000_21.6.0.LTS\lib\</path>
         <kind>archive</kind>
         <file>rts2800_fpu32_eabi.lib</file>
         <name>copy_decompress_none.c.obj</name>
      </input_file>
      <input_file id="fl-4c">
         <path>C:\ti\ccs1100\ccs\tools\compiler\ti-cgt-c2000_21.6.0.LTS\lib\</path>
         <kind>archive</kind>
         <file>rts2800_fpu32_eabi.lib</file>
         <name>copy_decompress_lzss.c.obj</name>
      </input_file>
      <input_file id="fl-4d">
         <path>C:\ti\ccs1100\ccs\tools\compiler\ti-cgt-c2000_21.6.0.LTS\lib\</path>
         <kind>archive</kind>
         <file>rts2800_fpu32_eabi.lib</file>
         <name>exit.c.obj</name>
      </input_file>
      <input_file id="fl-4e">
         <path>C:\ti\ccs1100\ccs\tools\compiler\ti-cgt-c2000_21.6.0.LTS\lib\</path>
         <kind>archive</kind>
         <file>rts2800_fpu32_eabi.lib</file>
         <name>_lock.c.obj</name>
      </input_file>
      <input_file id="fl-4f">
         <path>C:\ti\ccs1100\ccs\tools\compiler\ti-cgt-c2000_21.6.0.LTS\lib\</path>
         <kind>archive</kind>
         <file>rts2800_fpu32_eabi.lib</file>
         <name>args_main.c.obj</name>
      </input_file>
      <input_file id="fl-50">
         <path>C:\ti\ccs1100\ccs\tools\compiler\ti-cgt-c2000_21.6.0.LTS\lib\</path>
         <kind>archive</kind>
         <file>rts2800_fpu32_eabi.lib</file>
         <name>memset.c.obj</name>
      </input_file>
      <input_file id="fl-51">
         <path>C:\ti\ccs1100\ccs\tools\compiler\ti-cgt-c2000_21.6.0.LTS\lib\</path>
         <kind>archive</kind>
         <file>rts2800_fpu32_eabi.lib</file>
         <name>cpy_tbl.c.obj</name>
      </input_file>
      <input_file id="fl-52">
         <path>C:\ti\ccs1100\ccs\tools\compiler\ti-cgt-c2000_21.6.0.LTS\lib\</path>
         <kind>archive</kind>
         <file>rts2800_fpu32_eabi.lib</file>
         <name>memcpy.c.obj</name>
      </input_file>
      <input_file id="fl-53">
         <path>C:\ti\ccs1100\ccs\tools\compiler\ti-cgt-c2000_21.6.0.LTS\lib\</path>
         <kind>archive</kind>
         <file>rts2800_fpu32_eabi.lib</file>
         <name>startup.c.obj</name>
      </input_file>
   </input_file_list>
   <object_component_list>
      <object_component id="oc-4f7">
         <name>.text:SysCtl_setClock</name>
         <load_address>0xa000</load_address>
         <run_address>0xa000</run_address>
         <size>0x10c</size>
         <input_file_ref idref="fl-2f"/>
      </object_component>
      <object_component id="oc-623">
         <name>.text:SysCtl_isPLLValid</name>
         <load_address>0xa10c</load_address>
         <run_address>0xa10c</run_address>
         <size>0x103</size>
         <input_file_ref idref="fl-2f"/>
      </object_component>
      <object_component id="oc-538">
         <name>.text:InitSysPll</name>
         <load_address>0xa20f</load_address>
         <run_address>0xa20f</run_address>
         <size>0xe6</size>
         <input_file_ref idref="fl-11"/>
      </object_component>
      <object_component id="oc-65b">
         <name>.text:IsPLLValid</name>
         <load_address>0xa2f5</load_address>
         <run_address>0xa2f5</run_address>
         <size>0xa0</size>
         <input_file_ref idref="fl-11"/>
      </object_component>
      <object_component id="oc-509">
         <name>.text:Device_enableAllPeripherals</name>
         <load_address>0xa395</load_address>
         <run_address>0xa395</run_address>
         <size>0x9a</size>
         <input_file_ref idref="fl-3"/>
      </object_component>
      <object_component id="oc-70d">
         <name>.text:ComputeCntrSeedValue</name>
         <load_address>0xa42f</load_address>
         <run_address>0xa42f</run_address>
         <size>0x8e</size>
         <input_file_ref idref="fl-11"/>
      </object_component>
      <object_component id="oc-33f">
         <name>.text</name>
         <load_address>0xa4bd</load_address>
         <run_address>0xa4bd</run_address>
         <size>0x88</size>
         <input_file_ref idref="fl-47"/>
      </object_component>
      <object_component id="oc-4be">
         <name>.text:PWM_Setup</name>
         <load_address>0xa545</load_address>
         <run_address>0xa545</run_address>
         <size>0x71</size>
         <input_file_ref idref="fl-2"/>
      </object_component>
      <object_component id="oc-5d7">
         <name>.text:EPWM_setADCTriggerSource</name>
         <load_address>0xa5b6</load_address>
         <run_address>0xa5b6</run_address>
         <size>0x6b</size>
         <input_file_ref idref="fl-2"/>
      </object_component>
      <object_component id="oc-92">
         <name>.text:adcA1ISR</name>
         <load_address>0xa621</load_address>
         <run_address>0xa621</run_address>
         <size>0x55</size>
         <input_file_ref idref="fl-2"/>
      </object_component>
      <object_component id="oc-4b8">
         <name>.text:ADC_init</name>
         <load_address>0xa676</load_address>
         <run_address>0xa676</run_address>
         <size>0x4e</size>
         <input_file_ref idref="fl-2"/>
      </object_component>
      <object_component id="oc-53e">
         <name>.text:InitPeripheralClocks</name>
         <load_address>0xa6c4</load_address>
         <run_address>0xa6c4</run_address>
         <size>0x4d</size>
         <input_file_ref idref="fl-11"/>
      </object_component>
      <object_component id="oc-48e">
         <name>.text:InitGpio</name>
         <load_address>0xa711</load_address>
         <run_address>0xa711</run_address>
         <size>0x4c</size>
         <input_file_ref idref="fl-d"/>
      </object_component>
      <object_component id="oc-56b">
         <name>.text:GPIO_setAnalogMode</name>
         <load_address>0xa75d</load_address>
         <run_address>0xa75d</run_address>
         <size>0x45</size>
         <input_file_ref idref="fl-24"/>
      </object_component>
      <object_component id="oc-4a0">
         <name>.text:InitCpuTimers</name>
         <load_address>0xa7a2</load_address>
         <run_address>0xa7a2</run_address>
         <size>0x41</size>
         <input_file_ref idref="fl-6"/>
      </object_component>
      <object_component id="oc-47c">
         <name>.text:Interrupt_initModule</name>
         <load_address>0xa7e3</load_address>
         <run_address>0xa7e3</run_address>
         <size>0x3d</size>
         <input_file_ref idref="fl-29"/>
      </object_component>
      <object_component id="oc-4c4">
         <name>.text:TriggerEPWM_init</name>
         <load_address>0xa820</load_address>
         <run_address>0xa820</run_address>
         <size>0x39</size>
         <input_file_ref idref="fl-2"/>
      </object_component>
      <object_component id="oc-565">
         <name>.text:GPIO_setPinConfig</name>
         <load_address>0xa859</load_address>
         <run_address>0xa859</run_address>
         <size>0x37</size>
         <input_file_ref idref="fl-24"/>
      </object_component>
      <object_component id="oc-365">
         <name>.text:Interrupt_enable</name>
         <load_address>0xa890</load_address>
         <run_address>0xa890</run_address>
         <size>0x34</size>
         <input_file_ref idref="fl-29"/>
      </object_component>
      <object_component id="oc-80">
         <name>.text:decompress:lzss</name>
         <load_address>0xa8c4</load_address>
         <run_address>0xa8c4</run_address>
         <size>0x31</size>
         <input_file_ref idref="fl-4c"/>
      </object_component>
      <object_component id="oc-41f">
         <name>.text:main</name>
         <load_address>0xa8f5</load_address>
         <run_address>0xa8f5</run_address>
         <size>0x30</size>
         <input_file_ref idref="fl-2"/>
      </object_component>
      <object_component id="oc-6e2">
         <name>.text:DCC_setCounterSeeds</name>
         <load_address>0xa925</load_address>
         <run_address>0xa925</run_address>
         <size>0x2f</size>
         <input_file_ref idref="fl-2f"/>
      </object_component>
      <object_component id="oc-617">
         <name>.text:SysCtl_selectOscSource</name>
         <load_address>0xa954</load_address>
         <run_address>0xa954</run_address>
         <size>0x2b</size>
         <input_file_ref idref="fl-2f"/>
      </object_component>
      <object_component id="oc-6a4">
         <name>.text:SysCtl_selectXTAL</name>
         <load_address>0xa97f</load_address>
         <run_address>0xa97f</run_address>
         <size>0x2b</size>
         <input_file_ref idref="fl-2f"/>
      </object_component>
      <object_component id="oc-3ef">
         <name>.text:__TI_auto_init_nobinit_nopinit</name>
         <load_address>0xa9aa</load_address>
         <run_address>0xa9aa</run_address>
         <size>0x2b</size>
         <input_file_ref idref="fl-49"/>
      </object_component>
      <object_component id="oc-332">
         <name>.text</name>
         <load_address>0xa9d5</load_address>
         <run_address>0xa9d5</run_address>
         <size>0x29</size>
         <input_file_ref idref="fl-4d"/>
      </object_component>
      <object_component id="oc-5dd">
         <name>.text:EPWM_setADCTriggerEventPrescale</name>
         <load_address>0xa9fe</load_address>
         <run_address>0xa9fe</run_address>
         <size>0x27</size>
         <input_file_ref idref="fl-2"/>
      </object_component>
      <object_component id="oc-71f">
         <name>.text:SysCtl_pollX1Counter</name>
         <load_address>0xaa25</load_address>
         <run_address>0xaa25</run_address>
         <size>0x26</size>
         <input_file_ref idref="fl-2f"/>
      </object_component>
      <object_component id="oc-49a">
         <name>.text:InitPieVectTable</name>
         <load_address>0xaa4b</load_address>
         <run_address>0xaa4b</run_address>
         <size>0x25</size>
         <input_file_ref idref="fl-f"/>
      </object_component>
      <object_component id="oc-5b1">
         <name>.text:ADC_setInterruptSOCTrigger</name>
         <load_address>0xaa70</load_address>
         <run_address>0xaa70</run_address>
         <size>0x24</size>
         <input_file_ref idref="fl-2"/>
      </object_component>
      <object_component id="oc-586">
         <name>.text:ADC_setOffsetTrimAll</name>
         <load_address>0xaa94</load_address>
         <run_address>0xaa94</run_address>
         <size>0x20</size>
         <input_file_ref idref="fl-14"/>
      </object_component>
      <object_component id="oc-5ab">
         <name>.text:ADC_setupSOC</name>
         <load_address>0xaab4</load_address>
         <run_address>0xaab4</run_address>
         <size>0x20</size>
         <input_file_ref idref="fl-2"/>
      </object_component>
      <object_component id="oc-64f">
         <name>.text:SysXtalOscSel</name>
         <load_address>0xaad4</load_address>
         <run_address>0xaad4</run_address>
         <size>0x20</size>
         <input_file_ref idref="fl-11"/>
      </object_component>
      <object_component id="oc-494">
         <name>.text:InitPieCtrl</name>
         <load_address>0xaaf4</load_address>
         <run_address>0xaaf4</run_address>
         <size>0x1f</size>
         <input_file_ref idref="fl-e"/>
      </object_component>
      <object_component id="oc-482">
         <name>.text:Interrupt_initVectorTable</name>
         <load_address>0xab13</load_address>
         <run_address>0xab13</run_address>
         <size>0x1e</size>
         <input_file_ref idref="fl-29"/>
      </object_component>
      <object_component id="oc-6ff">
         <name>.text:PollX1Counter</name>
         <load_address>0xab31</load_address>
         <run_address>0xab31</run_address>
         <size>0x1e</size>
         <input_file_ref idref="fl-11"/>
      </object_component>
      <object_component id="oc-311">
         <name>.text</name>
         <load_address>0xab4f</load_address>
         <run_address>0xab4f</run_address>
         <size>0x1d</size>
         <input_file_ref idref="fl-52"/>
      </object_component>
      <object_component id="oc-5b7">
         <name>.text:ADC_setInterruptSource</name>
         <load_address>0xab6c</load_address>
         <run_address>0xab6c</run_address>
         <size>0x1c</size>
         <input_file_ref idref="fl-2"/>
      </object_component>
      <object_component id="oc-6e8">
         <name>.text:DCC_enableSingleShotMode</name>
         <load_address>0xab88</load_address>
         <run_address>0xab88</run_address>
         <size>0x1a</size>
         <input_file_ref idref="fl-2f"/>
      </object_component>
      <object_component id="oc-6aa">
         <name>.text:SysCtl_selectXTALSingleEnded</name>
         <load_address>0xaba2</load_address>
         <run_address>0xaba2</run_address>
         <size>0x1a</size>
         <input_file_ref idref="fl-2f"/>
      </object_component>
      <object_component id="oc-5e3">
         <name>.text:EPWM_setCounterCompareValue</name>
         <load_address>0xabbc</load_address>
         <run_address>0xabbc</run_address>
         <size>0x19</size>
         <input_file_ref idref="fl-2"/>
      </object_component>
      <object_component id="oc-5c3">
         <name>.text:ADC_disableContinuousMode</name>
         <load_address>0xabd5</load_address>
         <run_address>0xabd5</run_address>
         <size>0x17</size>
         <input_file_ref idref="fl-2"/>
      </object_component>
      <object_component id="oc-62d">
         <name>.text:SysCtl_enablePeripheral</name>
         <load_address>0xabec</load_address>
         <run_address>0xabec</run_address>
         <size>0x17</size>
         <input_file_ref idref="fl-3"/>
      </object_component>
      <object_component id="oc-6b2">
         <name>.text:SysCtl_enablePeripheral</name>
         <load_address>0xac03</load_address>
         <run_address>0xac03</run_address>
         <size>0x17</size>
         <input_file_ref idref="fl-2f"/>
      </object_component>
      <object_component id="oc-8d">
         <name>.text</name>
         <load_address>0xac1a</load_address>
         <run_address>0xac1a</run_address>
         <size>0x17</size>
         <input_file_ref idref="fl-46"/>
      </object_component>
      <object_component id="oc-5bd">
         <name>.text:ADC_enableInterrupt</name>
         <load_address>0xac31</load_address>
         <run_address>0xac31</run_address>
         <size>0x16</size>
         <input_file_ref idref="fl-2"/>
      </object_component>
      <object_component id="oc-4ca">
         <name>.text:change_duty_ratio</name>
         <load_address>0xac47</load_address>
         <run_address>0xac47</run_address>
         <size>0x16</size>
         <input_file_ref idref="fl-2"/>
      </object_component>
      <object_component id="oc-517">
         <name>.text:GPIO_unlockPortConfig</name>
         <load_address>0xac5d</load_address>
         <run_address>0xac5d</run_address>
         <size>0x15</size>
         <input_file_ref idref="fl-3"/>
      </object_component>
      <object_component id="oc-655">
         <name>.text:SysXtalOscSESel</name>
         <load_address>0xac72</load_address>
         <run_address>0xac72</run_address>
         <size>0x15</size>
         <input_file_ref idref="fl-11"/>
      </object_component>
      <object_component id="oc-6d6">
         <name>.text:DCC_setCounter0ClkSource</name>
         <load_address>0xac87</load_address>
         <run_address>0xac87</run_address>
         <size>0x14</size>
         <input_file_ref idref="fl-2f"/>
      </object_component>
      <object_component id="oc-6dc">
         <name>.text:DCC_setCounter1ClkSource</name>
         <load_address>0xac9b</load_address>
         <run_address>0xac9b</run_address>
         <size>0x14</size>
         <input_file_ref idref="fl-2f"/>
      </object_component>
      <object_component id="oc-488">
         <name>.text:InitSysCtrl</name>
         <load_address>0xacaf</load_address>
         <run_address>0xacaf</run_address>
         <size>0x14</size>
         <input_file_ref idref="fl-11"/>
      </object_component>
      <object_component id="oc-503">
         <name>.text:SysCtl_deviceCal</name>
         <load_address>0xacc3</load_address>
         <run_address>0xacc3</run_address>
         <size>0x14</size>
         <input_file_ref idref="fl-3"/>
      </object_component>
      <object_component id="oc-34a">
         <name>.text:ADC_getInterruptOverflowStatus</name>
         <load_address>0xacd7</load_address>
         <run_address>0xacd7</run_address>
         <size>0x13</size>
         <input_file_ref idref="fl-2"/>
      </object_component>
      <object_component id="oc-4a6">
         <name>.text:PinMux_init</name>
         <load_address>0xacea</load_address>
         <run_address>0xacea</run_address>
         <size>0x13</size>
         <input_file_ref idref="fl-2"/>
      </object_component>
      <object_component id="oc-5a5">
         <name>.text:ADC_setSOCPriority</name>
         <load_address>0xacfd</load_address>
         <run_address>0xacfd</run_address>
         <size>0x12</size>
         <input_file_ref idref="fl-2"/>
      </object_component>
      <object_component id="oc-5d1">
         <name>.text:EPWM_disableADCTrigger</name>
         <load_address>0xad0f</load_address>
         <run_address>0xad0f</run_address>
         <size>0x12</size>
         <input_file_ref idref="fl-2"/>
      </object_component>
      <object_component id="oc-5fb">
         <name>.text:EPWM_enableADCTrigger</name>
         <load_address>0xad21</load_address>
         <run_address>0xad21</run_address>
         <size>0x12</size>
         <input_file_ref idref="fl-2"/>
      </object_component>
      <object_component id="oc-5ef">
         <name>.text:EPWM_setClockPrescaler</name>
         <load_address>0xad33</load_address>
         <run_address>0xad33</run_address>
         <size>0x12</size>
         <input_file_ref idref="fl-2"/>
      </object_component>
      <object_component id="oc-470">
         <name>.text:Device_init</name>
         <load_address>0xad45</load_address>
         <run_address>0xad45</run_address>
         <size>0x11</size>
         <input_file_ref idref="fl-3"/>
      </object_component>
      <object_component id="oc-476">
         <name>.text:Device_initGPIO</name>
         <load_address>0xad56</load_address>
         <run_address>0xad56</run_address>
         <size>0x10</size>
         <input_file_ref idref="fl-3"/>
      </object_component>
      <object_component id="oc-35f">
         <name>.text:Interrupt_register</name>
         <load_address>0xad66</load_address>
         <run_address>0xad66</run_address>
         <size>0xf</size>
         <input_file_ref idref="fl-2"/>
      </object_component>
      <object_component id="oc-51f">
         <name>.text:Interrupt_defaultHandler</name>
         <load_address>0xad75</load_address>
         <run_address>0xad75</run_address>
         <size>0xe</size>
         <input_file_ref idref="fl-29"/>
      </object_component>
      <object_component id="oc-532">
         <name>.text:DisableDog</name>
         <load_address>0xad83</load_address>
         <run_address>0xad83</run_address>
         <size>0xd</size>
         <input_file_ref idref="fl-11"/>
      </object_component>
      <object_component id="oc-302">
         <name>.text:EMPTY_ISR</name>
         <load_address>0xad90</load_address>
         <run_address>0xad90</run_address>
         <size>0xd</size>
         <input_file_ref idref="fl-a"/>
      </object_component>
      <object_component id="oc-4ac">
         <name>.text:GPIO_Setup</name>
         <load_address>0xad9d</load_address>
         <run_address>0xad9d</run_address>
         <size>0xd</size>
         <input_file_ref idref="fl-2"/>
      </object_component>
      <object_component id="oc-93">
         <name>.text:INTERRUPT_init</name>
         <load_address>0xadaa</load_address>
         <run_address>0xadaa</run_address>
         <size>0xd</size>
         <input_file_ref idref="fl-2"/>
      </object_component>
      <object_component id="oc-438">
         <name>.text:Interrupt_disableMaster</name>
         <load_address>0xadb7</load_address>
         <run_address>0xadb7</run_address>
         <size>0xd</size>
         <input_file_ref idref="fl-29"/>
      </object_component>
      <object_component id="oc-43e">
         <name>.text:Interrupt_enableMaster</name>
         <load_address>0xadc4</load_address>
         <run_address>0xadc4</run_address>
         <size>0xd</size>
         <input_file_ref idref="fl-29"/>
      </object_component>
      <object_component id="oc-4fd">
         <name>.text:SysCtl_setLowSpeedClock</name>
         <load_address>0xadd1</load_address>
         <run_address>0xadd1</run_address>
         <size>0xd</size>
         <input_file_ref idref="fl-3"/>
      </object_component>
      <object_component id="oc-319">
         <name>.text:decompress:ZI:__TI_zero_init_nomemset</name>
         <load_address>0xadde</load_address>
         <run_address>0xadde</run_address>
         <size>0xd</size>
         <input_file_ref idref="fl-4a"/>
      </object_component>
      <object_component id="oc-592">
         <name>.text:ADC_setInterruptPulseMode</name>
         <load_address>0xadeb</load_address>
         <run_address>0xadeb</run_address>
         <size>0xc</size>
         <input_file_ref idref="fl-2"/>
      </object_component>
      <object_component id="oc-58c">
         <name>.text:ADC_setPrescaler</name>
         <load_address>0xadf7</load_address>
         <run_address>0xadf7</run_address>
         <size>0xc</size>
         <input_file_ref idref="fl-2"/>
      </object_component>
      <object_component id="oc-57f">
         <name>.text:ASysCtl_setAnalogReference1P65</name>
         <load_address>0xae03</load_address>
         <run_address>0xae03</run_address>
         <size>0xc</size>
         <input_file_ref idref="fl-2"/>
      </object_component>
      <object_component id="oc-6d0">
         <name>.text:DCC_disableDoneSignal</name>
         <load_address>0xae0f</load_address>
         <run_address>0xae0f</run_address>
         <size>0xc</size>
         <input_file_ref idref="fl-2f"/>
      </object_component>
      <object_component id="oc-61d">
         <name>.text:SysCtl_setPLLSysClk</name>
         <load_address>0xae1b</load_address>
         <run_address>0xae1b</run_address>
         <size>0xc</size>
         <input_file_ref idref="fl-2f"/>
      </object_component>
      <object_component id="oc-32c">
         <name>.text</name>
         <load_address>0xae27</load_address>
         <run_address>0xae27</run_address>
         <size>0xc</size>
         <input_file_ref idref="fl-4f"/>
      </object_component>
      <object_component id="oc-59f">
         <name>.text:ADC_disableBurstMode</name>
         <load_address>0xae33</load_address>
         <run_address>0xae33</run_address>
         <size>0xb</size>
         <input_file_ref idref="fl-2"/>
      </object_component>
      <object_component id="oc-6be">
         <name>.text:DCC_clearDoneFlag</name>
         <load_address>0xae3e</load_address>
         <run_address>0xae3e</run_address>
         <size>0xb</size>
         <input_file_ref idref="fl-2f"/>
      </object_component>
      <object_component id="oc-6b8">
         <name>.text:DCC_clearErrorFlag</name>
         <load_address>0xae49</load_address>
         <run_address>0xae49</run_address>
         <size>0xb</size>
         <input_file_ref idref="fl-2f"/>
      </object_component>
      <object_component id="oc-6ca">
         <name>.text:DCC_disableErrorSignal</name>
         <load_address>0xae54</load_address>
         <run_address>0xae54</run_address>
         <size>0xb</size>
         <input_file_ref idref="fl-2f"/>
      </object_component>
      <object_component id="oc-6c4">
         <name>.text:DCC_disableModule</name>
         <load_address>0xae5f</load_address>
         <run_address>0xae5f</run_address>
         <size>0xb</size>
         <input_file_ref idref="fl-2f"/>
      </object_component>
      <object_component id="oc-6ee">
         <name>.text:DCC_enableModule</name>
         <load_address>0xae6a</load_address>
         <run_address>0xae6a</run_address>
         <size>0xb</size>
         <input_file_ref idref="fl-2f"/>
      </object_component>
      <object_component id="oc-611">
         <name>.text:SysCtl_isMCDClockFailureDetected</name>
         <load_address>0xae75</load_address>
         <run_address>0xae75</run_address>
         <size>0xb</size>
         <input_file_ref idref="fl-2f"/>
      </object_component>
      <object_component id="oc-128">
         <name>.text:ADCA1_ISR</name>
         <load_address>0xae80</load_address>
         <run_address>0xae80</run_address>
         <size>0xa</size>
         <input_file_ref idref="fl-a"/>
      </object_component>
      <object_component id="oc-23c">
         <name>.text:ADCA2_ISR</name>
         <load_address>0xae8a</load_address>
         <run_address>0xae8a</run_address>
         <size>0xa</size>
         <input_file_ref idref="fl-a"/>
      </object_component>
      <object_component id="oc-242">
         <name>.text:ADCA3_ISR</name>
         <load_address>0xae94</load_address>
         <run_address>0xae94</run_address>
         <size>0xa</size>
         <input_file_ref idref="fl-a"/>
      </object_component>
      <object_component id="oc-248">
         <name>.text:ADCA4_ISR</name>
         <load_address>0xae9e</load_address>
         <run_address>0xae9e</run_address>
         <size>0xa</size>
         <input_file_ref idref="fl-a"/>
      </object_component>
      <object_component id="oc-236">
         <name>.text:ADCA_EVT_ISR</name>
         <load_address>0xaea8</load_address>
         <run_address>0xaea8</run_address>
         <size>0xa</size>
         <input_file_ref idref="fl-a"/>
      </object_component>
      <object_component id="oc-12e">
         <name>.text:ADCC1_ISR</name>
         <load_address>0xaeb2</load_address>
         <run_address>0xaeb2</run_address>
         <size>0xa</size>
         <input_file_ref idref="fl-a"/>
      </object_component>
      <object_component id="oc-2d2">
         <name>.text:ADCC2_ISR</name>
         <load_address>0xaebc</load_address>
         <run_address>0xaebc</run_address>
         <size>0xa</size>
         <input_file_ref idref="fl-a"/>
      </object_component>
      <object_component id="oc-2d8">
         <name>.text:ADCC3_ISR</name>
         <load_address>0xaec6</load_address>
         <run_address>0xaec6</run_address>
         <size>0xa</size>
         <input_file_ref idref="fl-a"/>
      </object_component>
      <object_component id="oc-2de">
         <name>.text:ADCC4_ISR</name>
         <load_address>0xaed0</load_address>
         <run_address>0xaed0</run_address>
         <size>0xa</size>
         <input_file_ref idref="fl-a"/>
      </object_component>
      <object_component id="oc-2cc">
         <name>.text:ADCC_EVT_ISR</name>
         <load_address>0xaeda</load_address>
         <run_address>0xaeda</run_address>
         <size>0xa</size>
         <input_file_ref idref="fl-a"/>
      </object_component>
      <object_component id="oc-350">
         <name>.text:ADC_clearInterruptOverflowStatus</name>
         <load_address>0xaee4</load_address>
         <run_address>0xaee4</run_address>
         <size>0xa</size>
         <input_file_ref idref="fl-2"/>
      </object_component>
      <object_component id="oc-344">
         <name>.text:ADC_clearInterruptStatus</name>
         <load_address>0xaeee</load_address>
         <run_address>0xaeee</run_address>
         <size>0xa</size>
         <input_file_ref idref="fl-2"/>
      </object_component>
      <object_component id="oc-579">
         <name>.text:ASysCtl_setAnalogReferenceInternal</name>
         <load_address>0xaef8</load_address>
         <run_address>0xaef8</run_address>
         <size>0xa</size>
         <input_file_ref idref="fl-2"/>
      </object_component>
      <object_component id="oc-2c0">
         <name>.text:BGCRC_ISR</name>
         <load_address>0xaf02</load_address>
         <run_address>0xaf02</run_address>
         <size>0xa</size>
         <input_file_ref idref="fl-a"/>
      </object_component>
      <object_component id="oc-22a">
         <name>.text:CANA0_ISR</name>
         <load_address>0xaf0c</load_address>
         <run_address>0xaf0c</run_address>
         <size>0xa</size>
         <input_file_ref idref="fl-a"/>
      </object_component>
      <object_component id="oc-230">
         <name>.text:CANA1_ISR</name>
         <load_address>0xaf16</load_address>
         <run_address>0xaf16</run_address>
         <size>0xa</size>
         <input_file_ref idref="fl-a"/>
      </object_component>
      <object_component id="oc-1be">
         <name>.text:CLB1_ISR</name>
         <load_address>0xaf20</load_address>
         <run_address>0xaf20</run_address>
         <size>0xa</size>
         <input_file_ref idref="fl-a"/>
      </object_component>
      <object_component id="oc-1c4">
         <name>.text:CLB2_ISR</name>
         <load_address>0xaf2a</load_address>
         <run_address>0xaf2a</run_address>
         <size>0xa</size>
         <input_file_ref idref="fl-a"/>
      </object_component>
      <object_component id="oc-c2">
         <name>.text:DATALOG_ISR</name>
         <load_address>0xaf34</load_address>
         <run_address>0xaf34</run_address>
         <size>0xa</size>
         <input_file_ref idref="fl-a"/>
      </object_component>
      <object_component id="oc-296">
         <name>.text:DCC0_ISR</name>
         <load_address>0xaf3e</load_address>
         <run_address>0xaf3e</run_address>
         <size>0xa</size>
         <input_file_ref idref="fl-a"/>
      </object_component>
      <object_component id="oc-2ba">
         <name>.text:DCC1_ISR</name>
         <load_address>0xaf48</load_address>
         <run_address>0xaf48</run_address>
         <size>0xa</size>
         <input_file_ref idref="fl-a"/>
      </object_component>
      <object_component id="oc-1e2">
         <name>.text:DMA_CH1_ISR</name>
         <load_address>0xaf52</load_address>
         <run_address>0xaf52</run_address>
         <size>0xa</size>
         <input_file_ref idref="fl-a"/>
      </object_component>
      <object_component id="oc-1e8">
         <name>.text:DMA_CH2_ISR</name>
         <load_address>0xaf5c</load_address>
         <run_address>0xaf5c</run_address>
         <size>0xa</size>
         <input_file_ref idref="fl-a"/>
      </object_component>
      <object_component id="oc-1ee">
         <name>.text:DMA_CH3_ISR</name>
         <load_address>0xaf66</load_address>
         <run_address>0xaf66</run_address>
         <size>0xa</size>
         <input_file_ref idref="fl-a"/>
      </object_component>
      <object_component id="oc-1f4">
         <name>.text:DMA_CH4_ISR</name>
         <load_address>0xaf70</load_address>
         <run_address>0xaf70</run_address>
         <size>0xa</size>
         <input_file_ref idref="fl-a"/>
      </object_component>
      <object_component id="oc-1fa">
         <name>.text:DMA_CH5_ISR</name>
         <load_address>0xaf7a</load_address>
         <run_address>0xaf7a</run_address>
         <size>0xa</size>
         <input_file_ref idref="fl-a"/>
      </object_component>
      <object_component id="oc-200">
         <name>.text:DMA_CH6_ISR</name>
         <load_address>0xaf84</load_address>
         <run_address>0xaf84</run_address>
         <size>0xa</size>
         <input_file_ref idref="fl-a"/>
      </object_component>
      <object_component id="oc-1a0">
         <name>.text:ECAP1_ISR</name>
         <load_address>0xaf8e</load_address>
         <run_address>0xaf8e</run_address>
         <size>0xa</size>
         <input_file_ref idref="fl-a"/>
      </object_component>
      <object_component id="oc-1a6">
         <name>.text:ECAP2_ISR</name>
         <load_address>0xaf98</load_address>
         <run_address>0xaf98</run_address>
         <size>0xa</size>
         <input_file_ref idref="fl-a"/>
      </object_component>
      <object_component id="oc-278">
         <name>.text:ECAP3_2_ISR</name>
         <load_address>0xafa2</load_address>
         <run_address>0xafa2</run_address>
         <size>0xa</size>
         <input_file_ref idref="fl-a"/>
      </object_component>
      <object_component id="oc-1ac">
         <name>.text:ECAP3_ISR</name>
         <load_address>0xafac</load_address>
         <run_address>0xafac</run_address>
         <size>0xa</size>
         <input_file_ref idref="fl-a"/>
      </object_component>
      <object_component id="oc-ce">
         <name>.text:EMU_ISR</name>
         <load_address>0xafb6</load_address>
         <run_address>0xafb6</run_address>
         <size>0xa</size>
         <input_file_ref idref="fl-a"/>
      </object_component>
      <object_component id="oc-176">
         <name>.text:EPWM1_ISR</name>
         <load_address>0xafc0</load_address>
         <run_address>0xafc0</run_address>
         <size>0xa</size>
         <input_file_ref idref="fl-a"/>
      </object_component>
      <object_component id="oc-14c">
         <name>.text:EPWM1_TZ_ISR</name>
         <load_address>0xafca</load_address>
         <run_address>0xafca</run_address>
         <size>0xa</size>
         <input_file_ref idref="fl-a"/>
      </object_component>
      <object_component id="oc-17c">
         <name>.text:EPWM2_ISR</name>
         <load_address>0xafd4</load_address>
         <run_address>0xafd4</run_address>
         <size>0xa</size>
         <input_file_ref idref="fl-a"/>
      </object_component>
      <object_component id="oc-152">
         <name>.text:EPWM2_TZ_ISR</name>
         <load_address>0xafde</load_address>
         <run_address>0xafde</run_address>
         <size>0xa</size>
         <input_file_ref idref="fl-a"/>
      </object_component>
      <object_component id="oc-182">
         <name>.text:EPWM3_ISR</name>
         <load_address>0xafe8</load_address>
         <run_address>0xafe8</run_address>
         <size>0xa</size>
         <input_file_ref idref="fl-a"/>
      </object_component>
      <object_component id="oc-158">
         <name>.text:EPWM3_TZ_ISR</name>
         <load_address>0xaff2</load_address>
         <run_address>0xaff2</run_address>
         <size>0xa</size>
         <input_file_ref idref="fl-a"/>
      </object_component>
      <object_component id="oc-188">
         <name>.text:EPWM4_ISR</name>
         <load_address>0xaffc</load_address>
         <run_address>0xaffc</run_address>
         <size>0xa</size>
         <input_file_ref idref="fl-a"/>
      </object_component>
      <object_component id="oc-15e">
         <name>.text:EPWM4_TZ_ISR</name>
         <load_address>0xb006</load_address>
         <run_address>0xb006</run_address>
         <size>0xa</size>
         <input_file_ref idref="fl-a"/>
      </object_component>
      <object_component id="oc-18e">
         <name>.text:EPWM5_ISR</name>
         <load_address>0xb010</load_address>
         <run_address>0xb010</run_address>
         <size>0xa</size>
         <input_file_ref idref="fl-a"/>
      </object_component>
      <object_component id="oc-164">
         <name>.text:EPWM5_TZ_ISR</name>
         <load_address>0xb01a</load_address>
         <run_address>0xb01a</run_address>
         <size>0xa</size>
         <input_file_ref idref="fl-a"/>
      </object_component>
      <object_component id="oc-194">
         <name>.text:EPWM6_ISR</name>
         <load_address>0xb024</load_address>
         <run_address>0xb024</run_address>
         <size>0xa</size>
         <input_file_ref idref="fl-a"/>
      </object_component>
      <object_component id="oc-16a">
         <name>.text:EPWM6_TZ_ISR</name>
         <load_address>0xb02e</load_address>
         <run_address>0xb02e</run_address>
         <size>0xa</size>
         <input_file_ref idref="fl-a"/>
      </object_component>
      <object_component id="oc-19a">
         <name>.text:EPWM7_ISR</name>
         <load_address>0xb038</load_address>
         <run_address>0xb038</run_address>
         <size>0xa</size>
         <input_file_ref idref="fl-a"/>
      </object_component>
      <object_component id="oc-170">
         <name>.text:EPWM7_TZ_ISR</name>
         <load_address>0xb042</load_address>
         <run_address>0xb042</run_address>
         <size>0xa</size>
         <input_file_ref idref="fl-a"/>
      </object_component>
      <object_component id="oc-5f5">
         <name>.text:EPWM_setTimeBaseCounterMode</name>
         <load_address>0xb04c</load_address>
         <run_address>0xb04c</run_address>
         <size>0xa</size>
         <input_file_ref idref="fl-2"/>
      </object_component>
      <object_component id="oc-5e9">
         <name>.text:EPWM_setTimeBasePeriod</name>
         <load_address>0xb056</load_address>
         <run_address>0xb056</run_address>
         <size>0xa</size>
         <input_file_ref idref="fl-2"/>
      </object_component>
      <object_component id="oc-1b2">
         <name>.text:EQEP1_ISR</name>
         <load_address>0xb060</load_address>
         <run_address>0xb060</run_address>
         <size>0xa</size>
         <input_file_ref idref="fl-a"/>
      </object_component>
      <object_component id="oc-1b8">
         <name>.text:EQEP2_ISR</name>
         <load_address>0xb06a</load_address>
         <run_address>0xb06a</run_address>
         <size>0xa</size>
         <input_file_ref idref="fl-a"/>
      </object_component>
      <object_component id="oc-2ea">
         <name>.text:FLASH_CORR_ERR_ISR</name>
         <load_address>0xb074</load_address>
         <run_address>0xb074</run_address>
         <size>0xa</size>
         <input_file_ref idref="fl-a"/>
      </object_component>
      <object_component id="oc-266">
         <name>.text:FMC_ISR</name>
         <load_address>0xb07e</load_address>
         <run_address>0xb07e</run_address>
         <size>0xa</size>
         <input_file_ref idref="fl-a"/>
      </object_component>
      <object_component id="oc-26c">
         <name>.text:FPU_OVERFLOW_ISR</name>
         <load_address>0xb088</load_address>
         <run_address>0xb088</run_address>
         <size>0xa</size>
         <input_file_ref idref="fl-a"/>
      </object_component>
      <object_component id="oc-272">
         <name>.text:FPU_UNDERFLOW_ISR</name>
         <load_address>0xb092</load_address>
         <run_address>0xb092</run_address>
         <size>0xa</size>
         <input_file_ref idref="fl-a"/>
      </object_component>
      <object_component id="oc-28a">
         <name>.text:FSIRXA1_ISR</name>
         <load_address>0xb09c</load_address>
         <run_address>0xb09c</run_address>
         <size>0xa</size>
         <input_file_ref idref="fl-a"/>
      </object_component>
      <object_component id="oc-290">
         <name>.text:FSIRXA2_ISR</name>
         <load_address>0xb0a6</load_address>
         <run_address>0xb0a6</run_address>
         <size>0xa</size>
         <input_file_ref idref="fl-a"/>
      </object_component>
      <object_component id="oc-27e">
         <name>.text:FSITXA1_ISR</name>
         <load_address>0xb0b0</load_address>
         <run_address>0xb0b0</run_address>
         <size>0xa</size>
         <input_file_ref idref="fl-a"/>
      </object_component>
      <object_component id="oc-284">
         <name>.text:FSITXA2_ISR</name>
         <load_address>0xb0ba</load_address>
         <run_address>0xb0ba</run_address>
         <size>0xa</size>
         <input_file_ref idref="fl-a"/>
      </object_component>
      <object_component id="oc-2c6">
         <name>.text:HICA_ISR</name>
         <load_address>0xb0c4</load_address>
         <run_address>0xb0c4</run_address>
         <size>0xa</size>
         <input_file_ref idref="fl-a"/>
      </object_component>
      <object_component id="oc-20c">
         <name>.text:I2CA_FIFO_ISR</name>
         <load_address>0xb0ce</load_address>
         <run_address>0xb0ce</run_address>
         <size>0xa</size>
         <input_file_ref idref="fl-a"/>
      </object_component>
      <object_component id="oc-206">
         <name>.text:I2CA_ISR</name>
         <load_address>0xb0d8</load_address>
         <run_address>0xb0d8</run_address>
         <size>0xa</size>
         <input_file_ref idref="fl-a"/>
      </object_component>
      <object_component id="oc-218">
         <name>.text:I2CB_FIFO_ISR</name>
         <load_address>0xb0e2</load_address>
         <run_address>0xb0e2</run_address>
         <size>0xa</size>
         <input_file_ref idref="fl-a"/>
      </object_component>
      <object_component id="oc-212">
         <name>.text:I2CB_ISR</name>
         <load_address>0xb0ec</load_address>
         <run_address>0xb0ec</run_address>
         <size>0xa</size>
         <input_file_ref idref="fl-a"/>
      </object_component>
      <object_component id="oc-da">
         <name>.text:ILLEGAL_ISR</name>
         <load_address>0xb0f6</load_address>
         <run_address>0xb0f6</run_address>
         <size>0xa</size>
         <input_file_ref idref="fl-a"/>
      </object_component>
      <object_component id="oc-29c">
         <name>.text:LINA_0_ISR</name>
         <load_address>0xb100</load_address>
         <run_address>0xb100</run_address>
         <size>0xa</size>
         <input_file_ref idref="fl-a"/>
      </object_component>
      <object_component id="oc-2a2">
         <name>.text:LINA_1_ISR</name>
         <load_address>0xb10a</load_address>
         <run_address>0xb10a</run_address>
         <size>0xa</size>
         <input_file_ref idref="fl-a"/>
      </object_component>
      <object_component id="oc-2a8">
         <name>.text:LINB_0_ISR</name>
         <load_address>0xb114</load_address>
         <run_address>0xb114</run_address>
         <size>0xa</size>
         <input_file_ref idref="fl-a"/>
      </object_component>
      <object_component id="oc-2ae">
         <name>.text:LINB_1_ISR</name>
         <load_address>0xb11e</load_address>
         <run_address>0xb11e</run_address>
         <size>0xa</size>
         <input_file_ref idref="fl-a"/>
      </object_component>
      <object_component id="oc-260">
         <name>.text:MPOST_ISR</name>
         <load_address>0xb128</load_address>
         <run_address>0xb128</run_address>
         <size>0xa</size>
         <input_file_ref idref="fl-a"/>
      </object_component>
      <object_component id="oc-d4">
         <name>.text:NMI_ISR</name>
         <load_address>0xb132</load_address>
         <run_address>0xb132</run_address>
         <size>0xa</size>
         <input_file_ref idref="fl-a"/>
      </object_component>
      <object_component id="oc-308">
         <name>.text:NOTUSED_ISR</name>
         <load_address>0xb13c</load_address>
         <run_address>0xb13c</run_address>
         <size>0xa</size>
         <input_file_ref idref="fl-a"/>
      </object_component>
      <object_component id="oc-2fc">
         <name>.text:PIE_RESERVED_ISR</name>
         <load_address>0xb146</load_address>
         <run_address>0xb146</run_address>
         <size>0xa</size>
         <input_file_ref idref="fl-a"/>
      </object_component>
      <object_component id="oc-2b4">
         <name>.text:PMBUSA_ISR</name>
         <load_address>0xb150</load_address>
         <run_address>0xb150</run_address>
         <size>0xa</size>
         <input_file_ref idref="fl-a"/>
      </object_component>
      <object_component id="oc-2f0">
         <name>.text:RAM_ACC_VIOL_ISR</name>
         <load_address>0xb15a</load_address>
         <run_address>0xb15a</run_address>
         <size>0xa</size>
         <input_file_ref idref="fl-a"/>
      </object_component>
      <object_component id="oc-2e4">
         <name>.text:RAM_CORR_ERR_ISR</name>
         <load_address>0xb164</load_address>
         <run_address>0xb164</run_address>
         <size>0xa</size>
         <input_file_ref idref="fl-a"/>
      </object_component>
      <object_component id="oc-c8">
         <name>.text:RTOS_ISR</name>
         <load_address>0xb16e</load_address>
         <run_address>0xb16e</run_address>
         <size>0xa</size>
         <input_file_ref idref="fl-a"/>
      </object_component>
      <object_component id="oc-21e">
         <name>.text:SCIA_RX_ISR</name>
         <load_address>0xb178</load_address>
         <run_address>0xb178</run_address>
         <size>0xa</size>
         <input_file_ref idref="fl-a"/>
      </object_component>
      <object_component id="oc-224">
         <name>.text:SCIA_TX_ISR</name>
         <load_address>0xb182</load_address>
         <run_address>0xb182</run_address>
         <size>0xa</size>
         <input_file_ref idref="fl-a"/>
      </object_component>
      <object_component id="oc-1ca">
         <name>.text:SPIA_RX_ISR</name>
         <load_address>0xb18c</load_address>
         <run_address>0xb18c</run_address>
         <size>0xa</size>
         <input_file_ref idref="fl-a"/>
      </object_component>
      <object_component id="oc-1d0">
         <name>.text:SPIA_TX_ISR</name>
         <load_address>0xb196</load_address>
         <run_address>0xb196</run_address>
         <size>0xa</size>
         <input_file_ref idref="fl-a"/>
      </object_component>
      <object_component id="oc-1d6">
         <name>.text:SPIB_RX_ISR</name>
         <load_address>0xb1a0</load_address>
         <run_address>0xb1a0</run_address>
         <size>0xa</size>
         <input_file_ref idref="fl-a"/>
      </object_component>
      <object_component id="oc-1dc">
         <name>.text:SPIB_TX_ISR</name>
         <load_address>0xb1aa</load_address>
         <run_address>0xb1aa</run_address>
         <size>0xa</size>
         <input_file_ref idref="fl-a"/>
      </object_component>
      <object_component id="oc-2f6">
         <name>.text:SYS_PLL_SLIP_ISR</name>
         <load_address>0xb1b4</load_address>
         <run_address>0xb1b4</run_address>
         <size>0xa</size>
         <input_file_ref idref="fl-a"/>
      </object_component>
      <object_component id="oc-140">
         <name>.text:TIMER0_ISR</name>
         <load_address>0xb1be</load_address>
         <run_address>0xb1be</run_address>
         <size>0xa</size>
         <input_file_ref idref="fl-a"/>
      </object_component>
      <object_component id="oc-b3">
         <name>.text:TIMER1_ISR</name>
         <load_address>0xb1c8</load_address>
         <run_address>0xb1c8</run_address>
         <size>0xa</size>
         <input_file_ref idref="fl-a"/>
      </object_component>
      <object_component id="oc-bc">
         <name>.text:TIMER2_ISR</name>
         <load_address>0xb1d2</load_address>
         <run_address>0xb1d2</run_address>
         <size>0xa</size>
         <input_file_ref idref="fl-a"/>
      </object_component>
      <object_component id="oc-116">
         <name>.text:USER10_ISR</name>
         <load_address>0xb1dc</load_address>
         <run_address>0xb1dc</run_address>
         <size>0xa</size>
         <input_file_ref idref="fl-a"/>
      </object_component>
      <object_component id="oc-11c">
         <name>.text:USER11_ISR</name>
         <load_address>0xb1e6</load_address>
         <run_address>0xb1e6</run_address>
         <size>0xa</size>
         <input_file_ref idref="fl-a"/>
      </object_component>
      <object_component id="oc-122">
         <name>.text:USER12_ISR</name>
         <load_address>0xb1f0</load_address>
         <run_address>0xb1f0</run_address>
         <size>0xa</size>
         <input_file_ref idref="fl-a"/>
      </object_component>
      <object_component id="oc-e0">
         <name>.text:USER1_ISR</name>
         <load_address>0xb1fa</load_address>
         <run_address>0xb1fa</run_address>
         <size>0xa</size>
         <input_file_ref idref="fl-a"/>
      </object_component>
      <object_component id="oc-e6">
         <name>.text:USER2_ISR</name>
         <load_address>0xb204</load_address>
         <run_address>0xb204</run_address>
         <size>0xa</size>
         <input_file_ref idref="fl-a"/>
      </object_component>
      <object_component id="oc-ec">
         <name>.text:USER3_ISR</name>
         <load_address>0xb20e</load_address>
         <run_address>0xb20e</run_address>
         <size>0xa</size>
         <input_file_ref idref="fl-a"/>
      </object_component>
      <object_component id="oc-f2">
         <name>.text:USER4_ISR</name>
         <load_address>0xb218</load_address>
         <run_address>0xb218</run_address>
         <size>0xa</size>
         <input_file_ref idref="fl-a"/>
      </object_component>
      <object_component id="oc-f8">
         <name>.text:USER5_ISR</name>
         <load_address>0xb222</load_address>
         <run_address>0xb222</run_address>
         <size>0xa</size>
         <input_file_ref idref="fl-a"/>
      </object_component>
      <object_component id="oc-fe">
         <name>.text:USER6_ISR</name>
         <load_address>0xb22c</load_address>
         <run_address>0xb22c</run_address>
         <size>0xa</size>
         <input_file_ref idref="fl-a"/>
      </object_component>
      <object_component id="oc-104">
         <name>.text:USER7_ISR</name>
         <load_address>0xb236</load_address>
         <run_address>0xb236</run_address>
         <size>0xa</size>
         <input_file_ref idref="fl-a"/>
      </object_component>
      <object_component id="oc-10a">
         <name>.text:USER8_ISR</name>
         <load_address>0xb240</load_address>
         <run_address>0xb240</run_address>
         <size>0xa</size>
         <input_file_ref idref="fl-a"/>
      </object_component>
      <object_component id="oc-110">
         <name>.text:USER9_ISR</name>
         <load_address>0xb24a</load_address>
         <run_address>0xb24a</run_address>
         <size>0xa</size>
         <input_file_ref idref="fl-a"/>
      </object_component>
      <object_component id="oc-146">
         <name>.text:WAKE_ISR</name>
         <load_address>0xb254</load_address>
         <run_address>0xb254</run_address>
         <size>0xa</size>
         <input_file_ref idref="fl-a"/>
      </object_component>
      <object_component id="oc-134">
         <name>.text:XINT1_ISR</name>
         <load_address>0xb25e</load_address>
         <run_address>0xb25e</run_address>
         <size>0xa</size>
         <input_file_ref idref="fl-a"/>
      </object_component>
      <object_component id="oc-13a">
         <name>.text:XINT2_ISR</name>
         <load_address>0xb268</load_address>
         <run_address>0xb268</run_address>
         <size>0xa</size>
         <input_file_ref idref="fl-a"/>
      </object_component>
      <object_component id="oc-24e">
         <name>.text:XINT3_ISR</name>
         <load_address>0xb272</load_address>
         <run_address>0xb272</run_address>
         <size>0xa</size>
         <input_file_ref idref="fl-a"/>
      </object_component>
      <object_component id="oc-254">
         <name>.text:XINT4_ISR</name>
         <load_address>0xb27c</load_address>
         <run_address>0xb27c</run_address>
         <size>0xa</size>
         <input_file_ref idref="fl-a"/>
      </object_component>
      <object_component id="oc-25a">
         <name>.text:XINT5_ISR</name>
         <load_address>0xb286</load_address>
         <run_address>0xb286</run_address>
         <size>0xa</size>
         <input_file_ref idref="fl-a"/>
      </object_component>
      <object_component id="oc-598">
         <name>.text:ADC_enableConverter</name>
         <load_address>0xb290</load_address>
         <run_address>0xb290</run_address>
         <size>0x9</size>
         <input_file_ref idref="fl-2"/>
      </object_component>
      <object_component id="oc-4b2">
         <name>.text:ASYSCTL_init</name>
         <load_address>0xb299</load_address>
         <run_address>0xb299</run_address>
         <size>0x9</size>
         <input_file_ref idref="fl-2"/>
      </object_component>
      <object_component id="oc-643">
         <name>.text:SysIntOsc1Sel</name>
         <load_address>0xb2a2</load_address>
         <run_address>0xb2a2</run_address>
         <size>0x9</size>
         <input_file_ref idref="fl-11"/>
      </object_component>
      <object_component id="oc-4d6">
         <name>.text</name>
         <load_address>0xb2ab</load_address>
         <run_address>0xb2ab</run_address>
         <size>0x9</size>
         <input_file_ref idref="fl-4e"/>
      </object_component>
      <object_component id="oc-339">
         <name>.text:ADC_readResult</name>
         <load_address>0xb2b4</load_address>
         <run_address>0xb2b4</run_address>
         <size>0x8</size>
         <input_file_ref idref="fl-2"/>
      </object_component>
      <object_component id="oc-4f1">
         <name>.text:SysCtl_disableWatchdog</name>
         <load_address>0xb2bc</load_address>
         <run_address>0xb2bc</run_address>
         <size>0x8</size>
         <input_file_ref idref="fl-3"/>
      </object_component>
      <object_component id="oc-86">
         <name>.text:decompress:none</name>
         <load_address>0xb2c4</load_address>
         <run_address>0xb2c4</run_address>
         <size>0x8</size>
         <input_file_ref idref="fl-4b"/>
      </object_component>
      <object_component id="oc-36e">
         <name>.text</name>
         <load_address>0xb2cc</load_address>
         <run_address>0xb2cc</run_address>
         <size>0x8</size>
         <input_file_ref idref="fl-5"/>
      </object_component>
      <object_component id="oc-573">
         <name>.text:ASysCtl_disableTemperatureSensor</name>
         <load_address>0xb2d4</load_address>
         <run_address>0xb2d4</run_address>
         <size>0x7</size>
         <input_file_ref idref="fl-2"/>
      </object_component>
      <object_component id="oc-50f">
         <name>.text:ASysCtl_lockVREG</name>
         <load_address>0xb2db</load_address>
         <run_address>0xb2db</run_address>
         <size>0x7</size>
         <input_file_ref idref="fl-3"/>
      </object_component>
      <object_component id="oc-725">
         <name>.text:SysCtl_resetMCD</name>
         <load_address>0xb2e2</load_address>
         <run_address>0xb2e2</run_address>
         <size>0x7</size>
         <input_file_ref idref="fl-2f"/>
      </object_component>
      <object_component id="oc-649">
         <name>.text:SysIntOsc2Sel</name>
         <load_address>0xb2e9</load_address>
         <run_address>0xb2e9</run_address>
         <size>0x7</size>
         <input_file_ref idref="fl-11"/>
      </object_component>
      <object_component id="oc-356">
         <name>.text:Interrupt_clearACKGroup</name>
         <load_address>0xb2f0</load_address>
         <run_address>0xb2f0</run_address>
         <size>0x6</size>
         <input_file_ref idref="fl-2"/>
      </object_component>
      <object_component id="oc-52b">
         <name>.text:Interrupt_illegalOperationHandler</name>
         <load_address>0xb2f6</load_address>
         <run_address>0xb2f6</run_address>
         <size>0x2</size>
         <input_file_ref idref="fl-29"/>
      </object_component>
      <object_component id="oc-525">
         <name>.text:Interrupt_nmiHandler</name>
         <load_address>0xb2f8</load_address>
         <run_address>0xb2f8</run_address>
         <size>0x2</size>
         <input_file_ref idref="fl-29"/>
      </object_component>
      <object_component id="oc-325">
         <name>.text</name>
         <load_address>0xb2fa</load_address>
         <run_address>0xb2fa</run_address>
         <size>0x2</size>
         <input_file_ref idref="fl-48"/>
      </object_component>
      <object_component id="oc-45b">
         <name>.text</name>
         <load_address>0xb2fc</load_address>
         <run_address>0xb2fc</run_address>
         <size>0x1</size>
         <input_file_ref idref="fl-53"/>
      </object_component>
      <object_component id="oc-738">
         <name>.TI.ramfunc</name>
         <load_address>0x128</load_address>
         <run_address>0x128</run_address>
         <size>0x4</size>
         <input_file_ref idref="fl-13"/>
      </object_component>
      <object_component id="oc-59e">
         <name>.TI.ramfunc</name>
         <load_address>0x12c</load_address>
         <run_address>0x12c</run_address>
         <size>0x4</size>
         <input_file_ref idref="fl-2f"/>
      </object_component>
      <object_component id="oc-7fa">
         <name>.cinit..data.load</name>
         <load_address>0x130</load_address>
         <run_address>0x130</run_address>
         <size>0xc</size>
      </object_component>
      <object_component id="oc-7f7">
         <name>__TI_handler_table</name>
         <load_address>0x13c</load_address>
         <run_address>0x13c</run_address>
         <size>0x6</size>
      </object_component>
      <object_component id="oc-7f9">
         <name>.cinit..bss.load</name>
         <load_address>0x142</load_address>
         <run_address>0x142</run_address>
         <size>0x4</size>
      </object_component>
      <object_component id="oc-7fb">
         <name>.cinit.PieVectTableFile.load</name>
         <load_address>0x146</load_address>
         <run_address>0x146</run_address>
         <size>0x4</size>
      </object_component>
      <object_component id="oc-7f8">
         <name>__TI_cinit_table</name>
         <load_address>0x14c</load_address>
         <run_address>0x14c</run_address>
         <size>0xc</size>
      </object_component>
      <object_component id="oc-9e">
         <name>codestart</name>
         <load_address>0x0</load_address>
         <run_address>0x0</run_address>
         <size>0x2</size>
         <input_file_ref idref="fl-5"/>
      </object_component>
      <object_component id="oc-30e">
         <name>.stack</name>
         <uninitialized>true</uninitialized>
         <run_address>0x400</run_address>
         <size>0x0</size>
         <input_file_ref idref="fl-46"/>
      </object_component>
      <object_component id="oc-7fc">
         <name>.stack</name>
         <uninitialized>true</uninitialized>
         <run_address>0x400</run_address>
         <size>0x0</size>
      </object_component>
      <object_component id="oc-35c">
         <name>.bss</name>
         <uninitialized>true</uninitialized>
         <run_address>0xb318</run_address>
         <size>0x4</size>
         <input_file_ref idref="fl-2"/>
      </object_component>
      <object_component id="oc-560">
         <name>.bss</name>
         <uninitialized>true</uninitialized>
         <run_address>0xb300</run_address>
         <size>0x18</size>
         <input_file_ref idref="fl-6"/>
      </object_component>
      <object_component id="oc-b9">
         <name>.const</name>
         <load_address>0xc000</load_address>
         <run_address>0xc000</run_address>
         <size>0x1c0</size>
         <input_file_ref idref="fl-f"/>
      </object_component>
      <object_component id="oc-5cd">
         <name>.data</name>
         <load_address>0xb322</load_address>
         <run_address>0xb322</run_address>
         <size>0x4</size>
         <input_file_ref idref="fl-2"/>
      </object_component>
      <object_component id="oc-427">
         <name>.data</name>
         <load_address>0xb31c</load_address>
         <run_address>0xb31c</run_address>
         <size>0x6</size>
         <input_file_ref idref="fl-4d"/>
      </object_component>
      <object_component id="oc-42a">
         <name>.data:_lock</name>
         <load_address>0xb326</load_address>
         <run_address>0xb326</run_address>
         <size>0x2</size>
         <input_file_ref idref="fl-4e"/>
      </object_component>
      <object_component id="oc-603">
         <name>.data:_unlock</name>
         <load_address>0xb328</load_address>
         <run_address>0xb328</run_address>
         <size>0x2</size>
         <input_file_ref idref="fl-4e"/>
      </object_component>
      <object_component id="oc-553">
         <name>PieVectTableFile</name>
         <uninitialized>true</uninitialized>
         <run_address>0xd00</run_address>
         <size>0x1c0</size>
         <input_file_ref idref="fl-32"/>
      </object_component>
      <object_component id="oc-640">
         <name>ClkCfgRegsFile</name>
         <uninitialized>true</uninitialized>
         <run_address>0x5d200</run_address>
         <size>0x3e</size>
         <input_file_ref idref="fl-32"/>
      </object_component>
      <object_component id="oc-557">
         <name>CpuTimer0RegsFile</name>
         <uninitialized>true</uninitialized>
         <run_address>0xc00</run_address>
         <size>0x8</size>
         <input_file_ref idref="fl-32"/>
      </object_component>
      <object_component id="oc-55a">
         <name>CpuTimer1RegsFile</name>
         <uninitialized>true</uninitialized>
         <run_address>0xc08</run_address>
         <size>0x8</size>
         <input_file_ref idref="fl-32"/>
      </object_component>
      <object_component id="oc-55d">
         <name>CpuTimer2RegsFile</name>
         <uninitialized>true</uninitialized>
         <run_address>0xc10</run_address>
         <size>0x8</size>
         <input_file_ref idref="fl-32"/>
      </object_component>
      <object_component id="oc-662">
         <name>CpuSysRegsFile</name>
         <uninitialized>true</uninitialized>
         <run_address>0x5d300</run_address>
         <size>0x82</size>
         <input_file_ref idref="fl-32"/>
      </object_component>
      <object_component id="oc-707">
         <name>Dcc0RegsFile</name>
         <uninitialized>true</uninitialized>
         <run_address>0x5e700</run_address>
         <size>0x2c</size>
         <input_file_ref idref="fl-32"/>
      </object_component>
      <object_component id="oc-70a">
         <name>Dcc1RegsFile</name>
         <uninitialized>true</uninitialized>
         <run_address>0x5e740</run_address>
         <size>0x2c</size>
         <input_file_ref idref="fl-32"/>
      </object_component>
      <object_component id="oc-5ca">
         <name>EPwm2RegsFile</name>
         <uninitialized>true</uninitialized>
         <run_address>0x4100</run_address>
         <size>0x100</size>
         <input_file_ref idref="fl-32"/>
      </object_component>
      <object_component id="oc-546">
         <name>GpioCtrlRegsFile</name>
         <uninitialized>true</uninitialized>
         <run_address>0x7c00</run_address>
         <size>0x200</size>
         <input_file_ref idref="fl-32"/>
      </object_component>
      <object_component id="oc-549">
         <name>GpioDataRegsFile</name>
         <uninitialized>true</uninitialized>
         <run_address>0x7f00</run_address>
         <size>0x3a</size>
         <input_file_ref idref="fl-32"/>
      </object_component>
      <object_component id="oc-54e">
         <name>PieCtrlRegsFile</name>
         <uninitialized>true</uninitialized>
         <run_address>0xce0</run_address>
         <size>0x1a</size>
         <input_file_ref idref="fl-32"/>
      </object_component>
      <object_component id="oc-63c">
         <name>WdRegsFile</name>
         <uninitialized>true</uninitialized>
         <run_address>0x7000</run_address>
         <size>0x2b</size>
         <input_file_ref idref="fl-32"/>
      </object_component>
      <object_component id="oc-36c">
         <name>.debug_types</name>
         <load_address>0x0</load_address>
         <run_address>0x0</run_address>
         <size>0xe5a9</size>
         <input_file_ref idref="fl-2"/>
      </object_component>
      <object_component id="oc-516">
         <name>.debug_types</name>
         <load_address>0xe5a9</load_address>
         <run_address>0xe5a9</run_address>
         <size>0x81f</size>
         <input_file_ref idref="fl-3"/>
      </object_component>
      <object_component id="oc-564">
         <name>.debug_types</name>
         <load_address>0xedc8</load_address>
         <run_address>0xedc8</run_address>
         <size>0x5e2</size>
         <input_file_ref idref="fl-6"/>
      </object_component>
      <object_component id="oc-375">
         <name>.debug_types</name>
         <load_address>0x0</load_address>
         <run_address>0x0</run_address>
         <size>0x0</size>
         <input_file_ref idref="fl-a"/>
      </object_component>
      <object_component id="oc-54d">
         <name>.debug_types</name>
         <load_address>0xf3aa</load_address>
         <run_address>0xf3aa</run_address>
         <size>0x2758</size>
         <input_file_ref idref="fl-d"/>
      </object_component>
      <object_component id="oc-552">
         <name>.debug_types</name>
         <load_address>0x11b02</load_address>
         <run_address>0x11b02</run_address>
         <size>0x3464</size>
         <input_file_ref idref="fl-e"/>
      </object_component>
      <object_component id="oc-378">
         <name>.debug_types</name>
         <load_address>0x14f66</load_address>
         <run_address>0x14f66</run_address>
         <size>0x1d66</size>
         <input_file_ref idref="fl-f"/>
      </object_component>
      <object_component id="oc-545">
         <name>.debug_types</name>
         <load_address>0x16ccc</load_address>
         <run_address>0x16ccc</run_address>
         <size>0x6ec2</size>
         <input_file_ref idref="fl-11"/>
      </object_component>
      <object_component id="oc-68a">
         <name>.debug_types</name>
         <load_address>0x1db8e</load_address>
         <run_address>0x1db8e</run_address>
         <size>0x17c</size>
         <input_file_ref idref="fl-14"/>
      </object_component>
      <object_component id="oc-684">
         <name>.debug_types</name>
         <load_address>0x1dd0a</load_address>
         <run_address>0x1dd0a</run_address>
         <size>0x3a7</size>
         <input_file_ref idref="fl-24"/>
      </object_component>
      <object_component id="oc-445">
         <name>.debug_types</name>
         <load_address>0x1e0b1</load_address>
         <run_address>0x1e0b1</run_address>
         <size>0x70</size>
         <input_file_ref idref="fl-29"/>
      </object_component>
      <object_component id="oc-62a">
         <name>.debug_types</name>
         <load_address>0x1e121</load_address>
         <run_address>0x1e121</run_address>
         <size>0x97d</size>
         <input_file_ref idref="fl-2f"/>
      </object_component>
      <object_component id="oc-66b">
         <name>.debug_types</name>
         <load_address>0x1ea9e</load_address>
         <run_address>0x1ea9e</run_address>
         <size>0x3fc14</size>
         <input_file_ref idref="fl-32"/>
      </object_component>
      <object_component id="oc-3ee">
         <name>.debug_types</name>
         <load_address>0x0</load_address>
         <run_address>0x0</run_address>
         <size>0x0</size>
         <input_file_ref idref="fl-48"/>
      </object_component>
      <object_component id="oc-462">
         <name>.debug_types</name>
         <load_address>0x5e6b2</load_address>
         <run_address>0x5e6b2</run_address>
         <size>0x4ca</size>
         <input_file_ref idref="fl-49"/>
      </object_component>
      <object_component id="oc-3e5">
         <name>.debug_types</name>
         <load_address>0x5eb7c</load_address>
         <run_address>0x5eb7c</run_address>
         <size>0x1f3</size>
         <input_file_ref idref="fl-4a"/>
      </object_component>
      <object_component id="oc-318">
         <name>.debug_types</name>
         <load_address>0x0</load_address>
         <run_address>0x0</run_address>
         <size>0x0</size>
         <input_file_ref idref="fl-4b"/>
      </object_component>
      <object_component id="oc-310">
         <name>.debug_types</name>
         <load_address>0x5ed6f</load_address>
         <run_address>0x5ed6f</run_address>
         <size>0x191</size>
         <input_file_ref idref="fl-4c"/>
      </object_component>
      <object_component id="oc-42e">
         <name>.debug_types</name>
         <load_address>0x5ef00</load_address>
         <run_address>0x5ef00</run_address>
         <size>0xbf</size>
         <input_file_ref idref="fl-4d"/>
      </object_component>
      <object_component id="oc-4de">
         <name>.debug_types</name>
         <load_address>0x5efbf</load_address>
         <run_address>0x5efbf</run_address>
         <size>0x2f</size>
         <input_file_ref idref="fl-4e"/>
      </object_component>
      <object_component id="oc-426">
         <name>.debug_types</name>
         <load_address>0x5efee</load_address>
         <run_address>0x5efee</run_address>
         <size>0xe1</size>
         <input_file_ref idref="fl-4f"/>
      </object_component>
      <object_component id="oc-3e0">
         <name>.debug_types</name>
         <load_address>0x5f0cf</load_address>
         <run_address>0x5f0cf</run_address>
         <size>0xb8</size>
         <input_file_ref idref="fl-52"/>
      </object_component>
      <object_component id="oc-4eb">
         <name>.debug_types</name>
         <load_address>0x0</load_address>
         <run_address>0x0</run_address>
         <size>0x0</size>
         <input_file_ref idref="fl-53"/>
      </object_component>
      <object_component id="oc-5ce">
         <name>.debug_info</name>
         <load_address>0x0</load_address>
         <run_address>0x0</run_address>
[...]
      </symbol>
      <symbol id="sm-5c1">
         <name>DMA_CH6_ISR</name>
         <value>0xaf84</value>
         <object_component_ref idref="oc-200"/>
      </symbol>
      <symbol id="sm-5c2">
         <name>FPU_UNDERFLOW_ISR</name>
         <value>0xb092</value>
         <object_component_ref idref="oc-272"/>
      </symbol>
      <symbol id="sm-5c3">
         <name>USER5_ISR</name>
         <value>0xb222</value>
         <object_component_ref idref="oc-f8"/>
      </symbol>
      <symbol id="sm-5c4">
         <name>EQEP2_ISR</name>
         <value>0xb06a</value>
         <object_component_ref idref="oc-1b8"/>
      </symbol>
      <symbol id="sm-5c5">
         <name>CLB1_ISR</name>
         <value>0xaf20</value>
         <object_component_ref idref="oc-1be"/>
      </symbol>
      <symbol id="sm-5c6">
         <name>EPWM4_TZ_ISR</name>
         <value>0xb006</value>
         <object_component_ref idref="oc-15e"/>
      </symbol>
      <symbol id="sm-5c7">
         <name>FSITXA1_ISR</name>
         <value>0xb0b0</value>
         <object_component_ref idref="oc-27e"/>
      </symbol>
      <symbol id="sm-5c8">
         <name>EPWM3_TZ_ISR</name>
         <value>0xaff2</value>
         <object_component_ref idref="oc-158"/>
      </symbol>
      <symbol id="sm-5c9">
         <name>EPWM6_ISR</name>
         <value>0xb024</value>
         <object_component_ref idref="oc-194"/>
      </symbol>
      <symbol id="sm-5ca">
         <name>RAM_ACC_VIOL_ISR</name>
         <value>0xb15a</value>
         <object_component_ref idref="oc-2f0"/>
      </symbol>
      <symbol id="sm-5cb">
         <name>EMU_ISR</name>
         <value>0xafb6</value>
         <object_component_ref idref="oc-ce"/>
      </symbol>
      <symbol id="sm-5cc">
         <name>USER11_ISR</name>
         <value>0xb1e6</value>
         <object_component_ref idref="oc-11c"/>
      </symbol>
      <symbol id="sm-5cd">
         <name>USER4_ISR</name>
         <value>0xb218</value>
         <object_component_ref idref="oc-f2"/>
      </symbol>
      <symbol id="sm-5ce">
         <name>BGCRC_ISR</name>
         <value>0xaf02</value>
         <object_component_ref idref="oc-2c0"/>
      </symbol>
      <symbol id="sm-5cf">
         <name>SCIA_RX_ISR</name>
         <value>0xb178</value>
         <object_component_ref idref="oc-21e"/>
      </symbol>
      <symbol id="sm-5d0">
         <name>SCIA_TX_ISR</name>
         <value>0xb182</value>
         <object_component_ref idref="oc-224"/>
      </symbol>
      <symbol id="sm-5d1">
         <name>CLB2_ISR</name>
         <value>0xaf2a</value>
         <object_component_ref idref="oc-1c4"/>
      </symbol>
      <symbol id="sm-5d2">
         <name>ECAP1_ISR</name>
         <value>0xaf8e</value>
         <object_component_ref idref="oc-1a0"/>
      </symbol>
      <symbol id="sm-5d3">
         <name>ADCA4_ISR</name>
         <value>0xae9e</value>
         <object_component_ref idref="oc-248"/>
      </symbol>
      <symbol id="sm-5d4">
         <name>FPU_OVERFLOW_ISR</name>
         <value>0xb088</value>
         <object_component_ref idref="oc-26c"/>
      </symbol>
      <symbol id="sm-5d5">
         <name>ADCC4_ISR</name>
         <value>0xaed0</value>
         <object_component_ref idref="oc-2de"/>
      </symbol>
      <symbol id="sm-5d6">
         <name>FSITXA2_ISR</name>
         <value>0xb0ba</value>
         <object_component_ref idref="oc-284"/>
      </symbol>
      <symbol id="sm-5d7">
         <name>EPWM7_ISR</name>
         <value>0xb038</value>
         <object_component_ref idref="oc-19a"/>
      </symbol>
      <symbol id="sm-5d8">
         <name>USER10_ISR</name>
         <value>0xb1dc</value>
         <object_component_ref idref="oc-116"/>
      </symbol>
      <symbol id="sm-5d9">
         <name>XINT1_ISR</name>
         <value>0xb25e</value>
         <object_component_ref idref="oc-134"/>
      </symbol>
      <symbol id="sm-5da">
         <name>USER7_ISR</name>
         <value>0xb236</value>
         <object_component_ref idref="oc-104"/>
      </symbol>
      <symbol id="sm-5db">
         <name>USER9_ISR</name>
         <value>0xb24a</value>
         <object_component_ref idref="oc-110"/>
      </symbol>
      <symbol id="sm-5dc">
         <name>ECAP2_ISR</name>
         <value>0xaf98</value>
         <object_component_ref idref="oc-1a6"/>
      </symbol>
      <symbol id="sm-5dd">
         <name>EPWM5_TZ_ISR</name>
         <value>0xb01a</value>
         <object_component_ref idref="oc-164"/>
      </symbol>
      <symbol id="sm-5de">
         <name>I2CB_FIFO_ISR</name>
         <value>0xb0e2</value>
         <object_component_ref idref="oc-218"/>
      </symbol>
      <symbol id="sm-5df">
         <name>DMA_CH1_ISR</name>
         <value>0xaf52</value>
         <object_component_ref idref="oc-1e2"/>
      </symbol>
      <symbol id="sm-5e0">
         <name>USER6_ISR</name>
         <value>0xb22c</value>
         <object_component_ref idref="oc-fe"/>
      </symbol>
      <symbol id="sm-5e1">
         <name>USER8_ISR</name>
         <value>0xb240</value>
         <object_component_ref idref="oc-10a"/>
      </symbol>
      <symbol id="sm-5e2">
         <name>SPIB_RX_ISR</name>
         <value>0xb1a0</value>
         <object_component_ref idref="oc-1d6"/>
      </symbol>
      <symbol id="sm-5e3">
         <name>SPIB_TX_ISR</name>
         <value>0xb1aa</value>
         <object_component_ref idref="oc-1dc"/>
      </symbol>
      <symbol id="sm-5e4">
         <name>ECAP3_ISR</name>
         <value>0xafac</value>
         <object_component_ref idref="oc-1ac"/>
      </symbol>
      <symbol id="sm-5e5">
         <name>EPWM1_ISR</name>
         <value>0xafc0</value>
         <object_component_ref idref="oc-176"/>
      </symbol>
      <symbol id="sm-5e6">
         <name>DMA_CH2_ISR</name>
         <value>0xaf5c</value>
         <object_component_ref idref="oc-1e8"/>
      </symbol>
      <symbol id="sm-5e7">
         <name>USER12_ISR</name>
         <value>0xb1f0</value>
         <object_component_ref idref="oc-122"/>
      </symbol>
      <symbol id="sm-5e8">
         <name>XINT3_ISR</name>
         <value>0xb272</value>
         <object_component_ref idref="oc-24e"/>
      </symbol>
      <symbol id="sm-5e9">
         <name>USER1_ISR</name>
         <value>0xb1fa</value>
         <object_component_ref idref="oc-e0"/>
      </symbol>
      <symbol id="sm-5ea">
         <name>I2CA_ISR</name>
         <value>0xb0d8</value>
         <object_component_ref idref="oc-206"/>
      </symbol>
      <symbol id="sm-5eb">
         <name>HICA_ISR</name>
         <value>0xb0c4</value>
         <object_component_ref idref="oc-2c6"/>
      </symbol>
      <symbol id="sm-5ec">
         <name>CANA0_ISR</name>
         <value>0xaf0c</value>
         <object_component_ref idref="oc-22a"/>
      </symbol>
      <symbol id="sm-5ed">
         <name>LINB_0_ISR</name>
         <value>0xb114</value>
         <object_component_ref idref="oc-2a8"/>
      </symbol>
      <symbol id="sm-5ee">
         <name>FSIRXA1_ISR</name>
         <value>0xb09c</value>
         <object_component_ref idref="oc-28a"/>
      </symbol>
      <symbol id="sm-5ef">
         <name>EPWM1_TZ_ISR</name>
         <value>0xafca</value>
         <object_component_ref idref="oc-14c"/>
      </symbol>
      <symbol id="sm-5f0">
         <name>I2CA_FIFO_ISR</name>
         <value>0xb0ce</value>
         <object_component_ref idref="oc-20c"/>
      </symbol>
      <symbol id="sm-5f1">
         <name>EPWM2_ISR</name>
         <value>0xafd4</value>
         <object_component_ref idref="oc-17c"/>
      </symbol>
      <symbol id="sm-5f2">
         <name>DMA_CH3_ISR</name>
         <value>0xaf66</value>
         <object_component_ref idref="oc-1ee"/>
      </symbol>
      <symbol id="sm-5f3">
         <name>FMC_ISR</name>
         <value>0xb07e</value>
         <object_component_ref idref="oc-266"/>
      </symbol>
      <symbol id="sm-5f4">
         <name>ADCC_EVT_ISR</name>
         <value>0xaeda</value>
         <object_component_ref idref="oc-2cc"/>
      </symbol>
      <symbol id="sm-5f5">
         <name>DATALOG_ISR</name>
         <value>0xaf34</value>
         <object_component_ref idref="oc-c2"/>
      </symbol>
      <symbol id="sm-5f6">
         <name>XINT2_ISR</name>
         <value>0xb268</value>
         <object_component_ref idref="oc-13a"/>
      </symbol>
      <symbol id="sm-5f7">
         <name>PIE_RESERVED_ISR</name>
         <value>0xb146</value>
         <object_component_ref idref="oc-2fc"/>
      </symbol>
      <symbol id="sm-5f8">
         <name>FLASH_CORR_ERR_ISR</name>
         <value>0xb074</value>
         <object_component_ref idref="oc-2ea"/>
      </symbol>
      <symbol id="sm-5f9">
         <name>I2CB_ISR</name>
         <value>0xb0ec</value>
         <object_component_ref idref="oc-212"/>
      </symbol>
      <symbol id="sm-5fa">
         <name>CANA1_ISR</name>
         <value>0xaf16</value>
         <object_component_ref idref="oc-230"/>
      </symbol>
      <symbol id="sm-5fb">
         <name>LINB_1_ISR</name>
         <value>0xb11e</value>
         <object_component_ref idref="oc-2ae"/>
      </symbol>
      <symbol id="sm-5fc">
         <name>FSIRXA2_ISR</name>
         <value>0xb0a6</value>
         <object_component_ref idref="oc-290"/>
      </symbol>
      <symbol id="sm-5fd">
         <name>ILLEGAL_ISR</name>
         <value>0xb0f6</value>
         <object_component_ref idref="oc-da"/>
      </symbol>
      <symbol id="sm-5fe">
         <name>EPWM3_ISR</name>
         <value>0xafe8</value>
         <object_component_ref idref="oc-182"/>
      </symbol>
      <symbol id="sm-5ff">
         <name>TIMER0_ISR</name>
         <value>0xb1be</value>
         <object_component_ref idref="oc-140"/>
      </symbol>
      <symbol id="sm-600">
         <name>USER3_ISR</name>
         <value>0xb20e</value>
         <object_component_ref idref="oc-ec"/>
      </symbol>
      <symbol id="sm-614">
         <name>InitGpio</name>
         <value>0xa711</value>
         <object_component_ref idref="oc-48e"/>
      </symbol>
      <symbol id="sm-621">
         <name>InitPieCtrl</name>
         <value>0xaaf4</value>
         <object_component_ref idref="oc-494"/>
      </symbol>
      <symbol id="sm-635">
         <name>InitPieVectTable</name>
         <value>0xaa4b</value>
         <object_component_ref idref="oc-49a"/>
      </symbol>
      <symbol id="sm-636">
         <name>PieVectTableInit</name>
         <value>0xc000</value>
         <object_component_ref idref="oc-b9"/>
      </symbol>
      <symbol id="sm-6b4">
         <name>ComputeCntrSeedValue</name>
         <value>0xa42f</value>
         <object_component_ref idref="oc-70d"/>
      </symbol>
      <symbol id="sm-6b5">
         <name>IsPLLValid</name>
         <value>0xa2f5</value>
         <object_component_ref idref="oc-65b"/>
      </symbol>
      <symbol id="sm-6b6">
         <name>InitPeripheralClocks</name>
         <value>0xa6c4</value>
         <object_component_ref idref="oc-53e"/>
      </symbol>
      <symbol id="sm-6b7">
         <name>SysIntOsc1Sel</name>
         <value>0xb2a2</value>
         <object_component_ref idref="oc-643"/>
      </symbol>
      <symbol id="sm-6b8">
         <name>SysXtalOscSel</name>
         <value>0xaad4</value>
         <object_component_ref idref="oc-64f"/>
      </symbol>
      <symbol id="sm-6b9">
         <name>SysXtalOscSESel</name>
         <value>0xac72</value>
         <object_component_ref idref="oc-655"/>
      </symbol>
      <symbol id="sm-6ba">
         <name>InitSysCtrl</name>
         <value>0xacaf</value>
         <object_component_ref idref="oc-488"/>
      </symbol>
      <symbol id="sm-6bb">
         <name>DisableDog</name>
         <value>0xad83</value>
         <object_component_ref idref="oc-532"/>
      </symbol>
      <symbol id="sm-6bc">
         <name>InitSysPll</name>
         <value>0xa20f</value>
         <object_component_ref idref="oc-538"/>
      </symbol>
      <symbol id="sm-6bd">
         <name>SysIntOsc2Sel</name>
         <value>0xb2e9</value>
         <object_component_ref idref="oc-649"/>
      </symbol>
      <symbol id="sm-6c6">
         <name>F28x_usDelay</name>
         <value>0x128</value>
         <object_component_ref idref="oc-738"/>
      </symbol>
      <symbol id="sm-6d5">
         <name>ADC_setOffsetTrimAll</name>
         <value>0xaa94</value>
         <object_component_ref idref="oc-586"/>
      </symbol>
      <symbol id="sm-6fa">
         <name>GPIO_setAnalogMode</name>
         <value>0xa75d</value>
         <object_component_ref idref="oc-56b"/>
      </symbol>
      <symbol id="sm-6fb">
         <name>GPIO_setPinConfig</name>
         <value>0xa859</value>
         <object_component_ref idref="oc-565"/>
      </symbol>
      <symbol id="sm-751">
         <name>Interrupt_initModule</name>
         <value>0xa7e3</value>
         <object_component_ref idref="oc-47c"/>
      </symbol>
      <symbol id="sm-752">
         <name>Interrupt_enable</name>
         <value>0xa890</value>
         <object_component_ref idref="oc-365"/>
      </symbol>
      <symbol id="sm-753">
         <name>Interrupt_initVectorTable</name>
         <value>0xab13</value>
         <object_component_ref idref="oc-482"/>
      </symbol>
      <symbol id="sm-82b">
         <name>SysCtl_isPLLValid</name>
         <value>0xa10c</value>
         <object_component_ref idref="oc-623"/>
      </symbol>
      <symbol id="sm-82c">
         <name>SysCtl_delay</name>
         <value>0x12c</value>
         <object_component_ref idref="oc-59e"/>
      </symbol>
      <symbol id="sm-82d">
         <name>SysCtl_selectXTALSingleEnded</name>
         <value>0xaba2</value>
         <object_component_ref idref="oc-6aa"/>
      </symbol>
      <symbol id="sm-82e">
         <name>SysCtl_selectXTAL</name>
         <value>0xa97f</value>
         <object_component_ref idref="oc-6a4"/>
      </symbol>
      <symbol id="sm-82f">
         <name>SysCtl_selectOscSource</name>
         <value>0xa954</value>
         <object_component_ref idref="oc-617"/>
      </symbol>
      <symbol id="sm-830">
         <name>SysCtl_setClock</name>
         <value>0xa000</value>
         <object_component_ref idref="oc-4f7"/>
      </symbol>
      <symbol id="sm-879">
         <name>EPwm2Regs</name>
         <value>0x4100</value>
         <object_component_ref idref="oc-5ca"/>
      </symbol>
      <symbol id="sm-87a">
         <name>ClkCfgRegs</name>
         <value>0x5d200</value>
         <object_component_ref idref="oc-640"/>
      </symbol>
      <symbol id="sm-87b">
         <name>CpuTimer2Regs</name>
         <value>0xc10</value>
         <object_component_ref idref="oc-55d"/>
      </symbol>
      <symbol id="sm-87c">
         <name>PieVectTable</name>
         <value>0xd00</value>
         <object_component_ref idref="oc-553"/>
      </symbol>
      <symbol id="sm-87d">
         <name>GpioCtrlRegs</name>
         <value>0x7c00</value>
         <object_component_ref idref="oc-546"/>
      </symbol>
      <symbol id="sm-87e">
         <name>Dcc0Regs</name>
         <value>0x5e700</value>
         <object_component_ref idref="oc-707"/>
      </symbol>
      <symbol id="sm-87f">
         <name>CpuSysRegs</name>
         <value>0x5d300</value>
         <object_component_ref idref="oc-662"/>
      </symbol>
      <symbol id="sm-880">
         <name>CpuTimer0Regs</name>
         <value>0xc00</value>
         <object_component_ref idref="oc-557"/>
      </symbol>
      <symbol id="sm-881">
         <name>Dcc1Regs</name>
         <value>0x5e740</value>
         <object_component_ref idref="oc-70a"/>
      </symbol>
      <symbol id="sm-882">
         <name>CpuTimer1Regs</name>
         <value>0xc08</value>
         <object_component_ref idref="oc-55a"/>
      </symbol>
      <symbol id="sm-883">
         <name>PieCtrlRegs</name>
         <value>0xce0</value>
         <object_component_ref idref="oc-54e"/>
      </symbol>
      <symbol id="sm-884">
         <name>WdRegs</name>
         <value>0x7000</value>
         <object_component_ref idref="oc-63c"/>
      </symbol>
      <symbol id="sm-885">
         <name>GpioDataRegs</name>
         <value>0x7f00</value>
         <object_component_ref idref="oc-549"/>
      </symbol>
      <symbol id="sm-88f">
         <name>_c_int00</name>
         <value>0xac1a</value>
         <object_component_ref idref="oc-8d"/>
      </symbol>
      <symbol id="sm-890">
         <name>__stack</name>
         <value>0x400</value>
         <object_component_ref idref="oc-30e"/>
      </symbol>
      <symbol id="sm-89d">
         <name>__c28xabi_divf</name>
         <value>0xa4bd</value>
         <object_component_ref idref="oc-33f"/>
      </symbol>
      <symbol id="sm-8aa">
         <name>_system_pre_init</name>
         <value>0xb2fa</value>
         <object_component_ref idref="oc-325"/>
      </symbol>
      <symbol id="sm-8b9">
         <name>__TI_auto_init_nobinit_nopinit</name>
         <value>0xa9aa</value>
         <object_component_ref idref="oc-3ef"/>
      </symbol>
      <symbol id="sm-8c8">
         <name>__TI_zero_init_nomemset</name>
         <value>0xadde</value>
         <object_component_ref idref="oc-319"/>
      </symbol>
      <symbol id="sm-8d5">
         <name>__TI_decompress_none</name>
         <value>0xb2c4</value>
         <object_component_ref idref="oc-86"/>
      </symbol>
      <symbol id="sm-8e9">
         <name>__TI_decompress_lzss</name>
         <value>0xa8c4</value>
         <object_component_ref idref="oc-80"/>
      </symbol>
      <symbol id="sm-8ff">
         <name>C$$EXIT</name>
         <value>0xa9d5</value>
         <object_component_ref idref="oc-332"/>
      </symbol>
      <symbol id="sm-900">
         <name>abort</name>
         <value>0xa9d5</value>
         <object_component_ref idref="oc-332"/>
      </symbol>
      <symbol id="sm-901">
         <name>exit</name>
         <value>0xa9d7</value>
         <object_component_ref idref="oc-332"/>
      </symbol>
      <symbol id="sm-902">
         <name>__TI_dtors_ptr</name>
         <value>0xb320</value>
         <object_component_ref idref="oc-427"/>
      </symbol>
      <symbol id="sm-903">
         <name>__TI_cleanup_ptr</name>
         <value>0xb31e</value>
         <object_component_ref idref="oc-427"/>
      </symbol>
      <symbol id="sm-904">
         <name>__TI_enable_exit_profile_output</name>
         <value>0xb31c</value>
         <object_component_ref idref="oc-427"/>
      </symbol>
      <symbol id="sm-91b">
         <name>_nop</name>
         <value>0xb2b3</value>
         <object_component_ref idref="oc-4d6"/>
      </symbol>
      <symbol id="sm-91c">
         <name>_lock</name>
         <value>0xb326</value>
         <object_component_ref idref="oc-42a"/>
      </symbol>
      <symbol id="sm-91d">
         <name>_unlock</name>
         <value>0xb328</value>
         <object_component_ref idref="oc-603"/>
      </symbol>
      <symbol id="sm-91e">
         <name>_register_lock</name>
         <value>0xb2af</value>
         <object_component_ref idref="oc-4d6"/>
      </symbol>
      <symbol id="sm-91f">
         <name>_register_unlock</name>
         <value>0xb2ab</value>
         <object_component_ref idref="oc-4d6"/>
      </symbol>
      <symbol id="sm-92e">
         <name>_args_main</name>
         <value>0xae27</value>
         <object_component_ref idref="oc-32c"/>
      </symbol>
      <symbol id="sm-942">
         <name>memcpy</name>
         <value>0xab4f</value>
         <object_component_ref idref="oc-311"/>
      </symbol>
      <symbol id="sm-94f">
         <name>_system_post_cinit</name>
         <value>0xb2fc</value>
         <object_component_ref idref="oc-45b"/>
      </symbol>
      <symbol id="sm-951">
         <name>__c_args__</name>
         <value>0x0</value>
      </symbol>
   </symbol_table>
   <title>Link successful</title>
</link_info>
